// Jest Snapshot v1, https://goo.gl/fbAQLP

exports[`renders ResetPasswordModule initial snapshot for ResetPasswordModule initial 1`] = `
<div>
  <div>
    Reset Password
  </div>
  <div>
    <input
      data-testid="reset-password"
      onChange={[Function]}
    />
  </div>
  <div
    style={
      Object {
        "color": "red",
      }
    }
  />
  <button
    className="MuiButtonBase-root MuiButton-root MuiButton-text MuiButton-textPrimary MuiButton-sizeMedium MuiButton-textSizeMedium Mui-disabled MuiButton-root MuiButton-text MuiButton-textPrimary MuiButton-sizeMedium MuiButton-textSizeMedium css-1e6y48t-MuiButtonBase-root-MuiButton-root"
    data-testid="reset-btn"
    disabled={true}
    onBlur={[Function]}
    onContextMenu={[Function]}
    onDragLeave={[Function]}
    onFocus={[Function]}
    onKeyDown={[Function]}
    onKeyUp={[Function]}
    onMouseDown={[Function]}
    onMouseLeave={[Function]}
    onMouseUp={[Function]}
    onTouchEnd={[Function]}
    onTouchMove={[Function]}
    onTouchStart={[Function]}
    tabIndex={-1}
    type="button"
  >
    Reset Your Password
  </button>
</div>
`;
